#
# There is insufficient memory for the Java Runtime Environment to continue.
# Native memory allocation (mmap) failed to map 264241152 bytes. Error detail: G1 virtual space
# Possible reasons:
#   The system is out of physical RAM or swap space
#   This process is running with CompressedOops enabled, and the Java Heap may be blocking the growth of the native heap
# Possible solutions:
#   Reduce memory load on the system
#   Increase physical memory or swap space
#   Check if swap backing store is full
#   Decrease Java heap size (-Xmx/-Xms)
#   Decrease number of Java threads
#   Decrease Java thread stack sizes (-Xss)
#   Set larger code cache with -XX:ReservedCodeCacheSize=
#   JVM is running with Zero Based Compressed Oops mode in which the Java heap is
#     placed in the first 32GB address space. The Java Heap base address is the
#     maximum limit for the native heap growth. Please use -XX:HeapBaseMinAddress
#     to set the Java Heap base and to place the Java Heap above 32GB virtual address.
# This output file may be truncated or incomplete.
#
#  Out of Memory Error (os_windows.cpp:3631), pid=11472, tid=32272
#
# JRE version:  (22.0.1+8) (build )
# Java VM: Java HotSpot(TM) 64-Bit Server VM (22.0.1+8-16, mixed mode, emulated-client, sharing, tiered, compressed oops, compressed class ptrs, g1 gc, windows-amd64)
# No core dump will be written. Minidumps are not enabled by default on client versions of Windows
#

---------------  S U M M A R Y ------------

Command Line: -XX:TieredStopAtLevel=1 edu.rutmiit.demo.grpcenrichment.GrpcEnrichmentClientApplication

Host: 12th Gen Intel(R) Core(TM) i5-12450H, 12 cores, 15G,  Windows 11 , 64 bit Build 26100 (10.0.26100.8328)
Time: Thu May 21 16:24:33 2026 RTZ 2 (s 11 , 64 bit Build 26100 (10.0.26100.8328) elapsed time: 2.035092 seconds (0d 0h 0m 2s)

---------------  T H R E A D  ---------------

Current thread (0x000001d2a5ff1940):  JavaThread "Unknown thread" [_thread_in_vm, id=32272, stack(0x0000002a9f800000,0x0000002a9f900000) (1024K)]

Stack: [0x0000002a9f800000,0x0000002a9f900000]
Native frames: (J=compiled Java code, j=interpreted, Vv=VM code, C=native code)
V  [jvm.dll+0x6e2279]  (no source info available)
V  [jvm.dll+0x874e33]  (no source info available)
V  [jvm.dll+0x87725e]  (no source info available)
V  [jvm.dll+0x877933]  (no source info available)
V  [jvm.dll+0x27fd76]  (no source info available)
V  [jvm.dll+0x6de915]  (no source info available)
V  [jvm.dll+0x6d341a]  (no source info available)
V  [jvm.dll+0x3589da]  (no source info available)
V  [jvm.dll+0x360f06]  (no source info available)
V  [jvm.dll+0x3b3e2e]  (no source info available)
V  [jvm.dll+0x3b40d8]  (no source info available)
V  [jvm.dll+0x32c59c]  (no source info available)
V  [jvm.dll+0x32d158]  (no source info available)
V  [jvm.dll+0x83ccdc]  (no source info available)
V  [jvm.dll+0x3c0d71]  (no source info available)
V  [jvm.dll+0x825ccc]  (no source info available)
V  [jvm.dll+0x45b8fe]  (no source info available)
V  [jvm.dll+0x45d781]  (no source info available)
C  [jli.dll+0x52a3]  (no source info available)
C  [ucrtbase.dll+0x37b0]  (no source info available)
C  [KERNEL32.DLL+0x2e957]  (no source info available)
C  [ntdll.dll+0x427c]  (no source info available)


---------------  P R O C E S S  ---------------

Threads class SMR info:
_java_thread_list=0x00007ff8e762b1c8, length=0, elements={
}

Java Threads: ( => current thread )
Total: 0

Other Threads:
  0x000001d2a60605d0 WorkerThread "GC Thread#0"                     [id=16556, stack(0x0000002a9f900000,0x0000002a9fa00000) (1024K)]
  0x000001d2a6072870 ConcurrentGCThread "G1 Main Marker"            [id=24184, stack(0x0000002a9fa00000,0x0000002a9fb00000) (1024K)]
  0x000001d2a6073b20 WorkerThread "G1 Conc#0"                       [id=19620, stack(0x0000002a9fb00000,0x0000002a9fc00000) (1024K)]

[error occurred during error reporting (printing all threads), id 0xc0000005, EXCEPTION_ACCESS_VIOLATION (0xc0000005) at pc=0x00007ff8e6d7f367]
VM state: not at safepoint (not fully initialized)

VM Mutex/Monitor currently owned by a thread:  ([mutex/lock_event])
[0x00007ff8e76abcb8] Heap_lock - owner thread: 0x000001d2a5ff1940

Heap address: 0x0000000704800000, size: 4024 MB, Compressed Oops mode: Zero based, Oop shift amount: 3

CDS archive(s) mapped at: [0x0000000000000000-0x0000000000000000-0x0000000000000000), size 0, SharedBaseAddress: 0x0000000800000000, ArchiveRelocationMode: 1.
Narrow klass base: 0x0000000000000000, Narrow klass shift: 0, Narrow klass range: 0x0

GC Precious Log:
 CardTable entry size: 512
 Card Set container configuration: InlinePtr #cards 4 size 8 Array Of Cards #cards 16 size 48 Howl #buckets 8 coarsen threshold 3686 Howl Bitmap #cards 512 size 80 coarsen threshold 460 Card regions per heap region 1 cards per card region 4096

Heap:
 garbage-first heap   total reserved 4120576K, committed 0K, used 0K [0x0000000704800000, 0x0000000800000000)
  region size 2048K, 0 young (0K), 0 survivors (0K)

[error occurred during error reporting (printing heap information), id 0xc0000005, EXCEPTION_ACCESS_VIOLATION (0xc0000005) at pc=0x00007ff8e717e429]
GC Heap History (0 events):
No events

Dll operation events (1 events):
Event: 0.007 Loaded shared library C:\Program Files\Java\jdk-22\bin\java.dll

Deoptimization events (0 events):
No events

Classes loaded (0 events):
No events

Classes unloaded (0 events):
No events

Classes redefined (0 events):
No events

Internal exceptions (0 events):
No events

ZGC Phase Switch (0 events):
No events

VM Operations (0 events):
No events

Events (0 events):
No events


Dynamic libraries:
0x00007ff622900000 - 0x00007ff622910000 	C:\Program Files\Java\jdk-22\bin\java.exe
0x00007ff979e20000 - 0x00007ff97a087000 	C:\WINDOWS\SYSTEM32\ntdll.dll
0x00007ff978a60000 - 0x00007ff978b29000 	C:\WINDOWS\System32\KERNEL32.DLL
0x00007ff9777a0000 - 0x00007ff977b97000 	C:\WINDOWS\System32\KERNELBASE.dll
0x00007ff977620000 - 0x00007ff97776b000 	C:\WINDOWS\System32\ucrtbase.dll
0x00007ff947f30000 - 0x00007ff947f47000 	C:\Program Files\Java\jdk-22\bin\jli.dll
0x00007ff958bc0000 - 0x00007ff958bdb000 	C:\Program Files\Java\jdk-22\bin\VCRUNTIME140.dll
0x00007ff9796f0000 - 0x00007ff9797a6000 	C:\WINDOWS\System32\ADVAPI32.dll
0x00007ff979510000 - 0x00007ff9795b9000 	C:\WINDOWS\System32\msvcrt.dll
0x00007ff978e40000 - 0x00007ff978ee7000 	C:\WINDOWS\System32\sechost.dll
0x00007ff9793f0000 - 0x00007ff979508000 	C:\WINDOWS\System32\RPCRT4.dll
0x00007ff9797b0000 - 0x00007ff979976000 	C:\WINDOWS\System32\USER32.dll
0x00007ff977770000 - 0x00007ff977797000 	C:\WINDOWS\System32\win32u.dll
0x00007ff9787b0000 - 0x00007ff9787db000 	C:\WINDOWS\System32\GDI32.dll
0x00007ff9769c0000 - 0x00007ff976aec000 	C:\WINDOWS\System32\gdi32full.dll
0x00007ff976af0000 - 0x00007ff976b93000 	C:\WINDOWS\System32\msvcp_win.dll
0x00007ff94ac60000 - 0x00007ff94aef2000 	C:\WINDOWS\WinSxS\amd64_microsoft.windows.common-controls_6595b64144ccf1df_6.0.26100.8328_none_3e08182ce334b678\COMCTL32.dll
0x00007ff96ab50000 - 0x00007ff96ab5b000 	C:\WINDOWS\SYSTEM32\VERSION.dll
0x00007ff9788c0000 - 0x00007ff9788f2000 	C:\WINDOWS\System32\IMM32.DLL
0x00007ff96f1b0000 - 0x00007ff96f1bc000 	C:\Program Files\Java\jdk-22\bin\vcruntime140_1.dll
0x00007ff945c40000 - 0x00007ff945cce000 	C:\Program Files\Java\jdk-22\bin\msvcp140.dll
0x00007ff8e6a40000 - 0x00007ff8e7787000 	C:\Program Files\Java\jdk-22\bin\server\jvm.dll
0x00007ff978b30000 - 0x00007ff978bb0000 	C:\WINDOWS\System32\WS2_32.dll
0x00007ff96b4b0000 - 0x00007ff96b4e6000 	C:\WINDOWS\SYSTEM32\WINMM.dll
0x00007ff9766b0000 - 0x00007ff97670e000 	C:\WINDOWS\SYSTEM32\POWRPROF.dll
0x00007ff976690000 - 0x00007ff9766a4000 	C:\WINDOWS\SYSTEM32\UMPDC.dll
0x00007ff9755e0000 - 0x00007ff9755fb000 	C:\WINDOWS\SYSTEM32\kernel.appcore.dll
0x00007ff960a50000 - 0x00007ff960a5a000 	C:\Program Files\Java\jdk-22\bin\jimage.dll
0x00007ff974930000 - 0x00007ff974b72000 	C:\WINDOWS\SYSTEM32\DBGHELP.DLL
0x00007ff979a00000 - 0x00007ff979d83000 	C:\WINDOWS\System32\combase.dll
0x00007ff978980000 - 0x00007ff978a59000 	C:\WINDOWS\System32\OLEAUT32.dll
0x00007ff965d20000 - 0x00007ff965d5b000 	C:\WINDOWS\SYSTEM32\dbgcore.DLL
0x00007ff976910000 - 0x00007ff9769b8000 	C:\WINDOWS\System32\bcryptPrimitives.dll
0x00007ff947f10000 - 0x00007ff947f2e000 	C:\Program Files\Java\jdk-22\bin\java.dll
0x00007ff978030000 - 0x00007ff97879e000 	C:\WINDOWS\System32\SHELL32.dll
0x00007ff978ef0000 - 0x00007ff979087000 	C:\WINDOWS\System32\ole32.dll

dbghelp: loaded successfully - version: 4.0.5 - missing functions: none
symbol engine: initialized successfully - sym options: 0x614 - pdb path: .;C:\Program Files\Java\jdk-22\bin;C:\WINDOWS\SYSTEM32;C:\WINDOWS\WinSxS\amd64_microsoft.windows.common-controls_6595b64144ccf1df_6.0.26100.8328_none_3e08182ce334b678;C:\Program Files\Java\jdk-22\bin\server

VM Arguments:
jvm_args: -XX:TieredStopAtLevel=1 
java_command: edu.rutmiit.demo.grpcenrichment.GrpcEnrichmentClientApplication
java_class_path (initial): D:\grpc\grpc_all\grpc-enrichment-client\target\classes;C:\Users\loloc\.m2\repository\org\springframework\boot\spring-boot-jackson\4.0.3\spring-boot-jackson-4.0.3.jar;C:\Users\loloc\.m2\repository\tools\jackson\core\jackson-databind\3.0.4\jackson-databind-3.0.4.jar;C:\Users\loloc\.m2\repository\tools\jackson\core\jackson-core\3.0.4\jackson-core-3.0.4.jar;C:\Users\loloc\.m2\repository\org\springframework\boot\spring-boot-web-server\4.0.3\spring-boot-web-server-4.0.3.jar;C:\Users\loloc\.m2\repository\org\apache\tomcat\embed\tomcat-embed-core\11.0.18\tomcat-embed-core-11.0.18.jar;C:\Users\loloc\.m2\repository\org\apache\tomcat\embed\tomcat-embed-el\11.0.18\tomcat-embed-el-11.0.18.jar;C:\Users\loloc\.m2\repository\org\apache\tomcat\embed\tomcat-embed-websocket\11.0.18\tomcat-embed-websocket-11.0.18.jar;C:\Users\loloc\.m2\repository\org\springframework\boot\spring-boot-tomcat\4.0.3\spring-boot-tomcat-4.0.3.jar;C:\Users\loloc\.m2\repository\org\springframework\boot\spring-boot-http-converter\4.0.3\spring-boot-http-converter-4.0.3.jar;C:\Users\loloc\.m2\repository\org\springframework\boot\spring-boot\4.0.3\spring-boot-4.0.3.jar;C:\Users\loloc\.m2\repository\org\springframework\spring-context\7.0.5\spring-context-7.0.5.jar;C:\Users\loloc\.m2\repository\org\springframework\spring-web\7.0.5\spring-web-7.0.5.jar;C:\Users\loloc\.m2\repository\org\springframework\spring-beans\7.0.5\spring-beans-7.0.5.jar;C:\Users\loloc\.m2\repository\org\springframework\boot\spring-boot-webmvc\4.0.3\spring-boot-webmvc-4.0.3.jar;C:\Users\loloc\.m2\repository\org\springframework\boot\spring-boot-servlet\4.0.3\spring-boot-servlet-4.0.3.jar;C:\Users\loloc\.m2\repository\org\springframework\spring-webmvc\7.0.5\spring-webmvc-7.0.5.jar;C:\Users\loloc\.m2\repository\org\springframework\spring-aop\7.0.5\spring-aop-7.0.5.jar;C:\Users\loloc\.m2\repository\org\springframework\spring-expression\7.0.5\spring-expression-7.0.5.jar;C:\Users\loloc\.m2\repository\ch\qos\logback\logback-classic\1.5.32\logback-classic-1.5.32.jar;C:\Users\loloc\.m2\repository\ch\qos\logback\logback-core\1.5.32\logback-core-1.5.32.jar;C:\Users\loloc\.m2\repository\org\apache\logging\log4j\log4j-to-slf4j\2.25.3\log4j-to-slf4j-2.25.3.jar;C:\Users\loloc\.m2\repository\org\apache\logging\log4j\log4j-api\2.25.3\log4j-api-2.25.3.jar;C:\Users\loloc\.m2\repository\org\slf4j\jul-to-slf4j\2.0.17\jul-to-slf4j-2.0.17.jar;C:\Users\loloc\.m2\repository\org\springframework\boot\spring-boot-autoconfigure\4.0.3\spring-boot-autoconfigure-4.0.3.jar;C:\Users\loloc\.m2\repository\jakarta\annotation\jakarta.annotation-api\3.0.0\jakarta.annotation-api-3.0.0.jar;C:\Users\loloc\.m2\repository\org\yaml\snakeyaml\2.5\snakeyaml-2.5.jar;C:\Users\loloc\.m2\repository\org\springframework\boot\spring-boot-amqp\4.0.3\spring-boot-amqp-4.0.3.jar;C:\Users\loloc\.m2\repository\org\springframework\spring-messaging\7.0.5\spring-messaging-7.0.5.jar;C:\Users\loloc\.m2\repository\org\springframework\amqp\spring-rabbit\4.0.2\spring-rabbit-4.0.2.jar;C:\Users\loloc\.m2\repository\org\springframework\amqp\spring-amqp\4.0.2\spring-amqp-4.0.2.jar;C:\Users\loloc\.m2\repository\com\rabbitmq\amqp-client\5.27.1\amqp-client-5.27.1.jar;C:\Users\loloc\.m2\repository\io\netty\netty-transport\4.2.10.Final\netty-transport-4.2.10.Final.jar;C:\Users\loloc\.m2\repository\io\netty\netty-common\4.2.10.Final\netty-common-4.2.10.Final.jar;C:\Users\loloc\.m2\repository\io\netty\netty-buffer\4.2.10.Final\netty-buffer-4.2.10.Final.jar;C:\Users\loloc\.m2\repository\io\netty\netty-resolver\4.2.10.Final\netty-resolver-4.2.10.Final.jar;C:\Users\loloc\.m2\repository\io\netty\netty-codec\4.2.10.Final\netty-codec-4.2.10.Final.jar;C:\Users\loloc\.m2\repository\io\netty\netty-codec-base\4.2.10.Final\netty-codec-base-4.2.10.Final.jar;C:\Users\loloc\.m2\repository\io\netty\netty-codec-compression\4.2.10.Final\netty-codec-compression-4.2.10.Final.jar;C:\Users\loloc\.m2\repository\io\netty\netty-codec-protobuf\4.2.10.Final\netty-codec-protobuf-4.2.10.Final.jar;C:\Users\loloc\.m2\repository\io\netty\netty-codec-marshalling\4.2.10.Final\netty-codec-marshalling-4.2.10.Final.jar;C:\Users\loloc\.m2\repository\io\netty\netty-handler\4.2.10.Final\netty-handler-4.2.10.Final.jar;C:\Users\loloc\.m2\repository\io\netty\netty-transport-native-unix-common\4.2.10.Final\netty-transport-native-unix-common-4.2.10.Final.jar;C:\Users\loloc\.m2\repository\org\springframework\spring-tx\7.0.5\spring-tx-7.0.5.jar;C:\Users\loloc\.m2\repository\org\springframework\boot\spring-boot-transaction\4.0.3\spring-boot-transaction-4.0.3.jar;C:\Users\loloc\.m2\repository\org\springframework\boot\spring-boot-persistence\4.0.3\spring-boot-persistence-4.0.3.jar;C:\Users\loloc\.m2\repository\org\springframework\boot\spring-boot-micrometer-metrics\4.0.3\spring-boot-micrometer-metrics-4.0.3.jar;C:\Users\loloc\.m2\repository\org\springframework\boot\spring-boot-micrometer-observation\4.0.3\spring-boot-micrometer-observation-4.0.3.jar;C:\Users\loloc\.m2\repository\org\springframework\boot\spring-boot-actuator-autoconfigure\4.0.3\spring-boot-actuator-autoconfigure-4.0.3.jar;C:\Users\loloc\.m2\repository\org\springframework\boot\spring-boot-actuator\4.0.3\spring-boot-actuator-4.0.3.jar;C:\Users\loloc\.m2\repository\org\springframework\boot\spring-boot-health\4.0.3\spring-boot-health-4.0.3.jar;C:\Users\loloc\.m2\repository\io\micrometer\micrometer-observation\1.16.3\micrometer-observation-1.16.3.jar;C:\Users\loloc\.m2\repository\org\jspecify\jspecify\1.0.0\jspecify-1.0.0.jar;C:\Users\loloc\.m2\repository\io\micrometer\micrometer-commons\1.16.3\micrometer-commons-1.16.3.jar;C:\Users\loloc\.m2\repository\io\micrometer\micrometer-jakarta9\1.16.3\micrometer-jakarta9-1.16.3.jar;C:\Users\loloc\.m2\repository\io\micrometer\micrometer-core\1.16.3\micrometer-core-1.16.3.jar;C:\Users\loloc\.m2\repository\org\hdrhistogram\HdrHistogram\2.2.2\HdrHistogram-2.2.2.jar;C:\Users\loloc\.m2\repository\org\latencyutils\LatencyUtils\2.0.3\LatencyUtils-2.0.3.jar;C:\Users\loloc\.m2\repository\edu\rutmiit\demo\books-grpc-contract\1.0\books-grpc-contract-1.0.jar;C:\Users\loloc\.m2\repository\io\grpc\grpc-protobuf\1.66.0\grpc-protobuf-1.66.0.jar;C:\Users\loloc\.m2\repository\com\google\code\findbugs\jsr305\3.0.2\jsr305-3.0.2.jar;C:\Users\loloc\.m2\repository\com\google\api\grpc\proto-google-common-protos\2.41.0\proto-google-common-protos-2.41.0.jar;C:\Users\loloc\.m2\repository\io\grpc\grpc-protobuf-lite\1.66.0\grpc-protobuf-lite-1.66.0.jar;C:\Users\loloc\.m2\repository\io\grpc\grpc-stub\1.66.0\grpc-stub-1.66.0.jar;C:\Users\loloc\.m2\repository\com\google\protobuf\protobuf-java\3.25.5\protobuf-java-3.25.5.jar;C:\Users\loloc\.m2\repository\edu\rutmiit\demo\books-events-contract\1.0\books-events-contract-1.0.jar;C:\Users\loloc\.m2\repository\io\grpc\grpc-netty-shaded\1.66.0\grpc-netty-shaded-1.66.0.jar;C:\Users\loloc\.m2\repository\io\grpc\grpc-util\1.66.0\grpc-util-1.66.0.jar;C:\Users\loloc\.m2\repository\org\codehaus\mojo\animal-sniffer-annotations\1.24\animal-sniffer-annotations-1.24.jar;C:\Users\loloc\.m2\repository\io\grpc\grpc-core\1.66.0\grpc-core-1.66.0.jar;C:\Users\loloc\.m2\repository\com\google\code\gson\gson\2.13.2\gson-2.13.2.jar;C:\Users\loloc\.m2\repository\com\google\android\annotations\4.1.1.4\annotations-4.1.1.4.jar;C:\Users\loloc\.m2\repository\io\grpc\grpc-context\1.66.0\grpc-context-1.66.0.jar;C:\Users\loloc\.m2\repository\com\google\guava\guava\33.2.1-android\guava-33.2.1-android.jar;C:\Users\loloc\.m2\repository\com\google\guava\failureaccess\1.0.2\failureaccess-1.0.2.jar;C:\Users\loloc\.m2\repository\com\google\guava\listenablefuture\9999.0-empty-to-avoid-conflict-with-guava\listenablefuture-9999.0-empty-to-avoid-conflict-with-guava.jar;C:\Users\loloc\.m2\repository\org\checkerframework\checker-qual\3.42.0\checker-qual-3.42.0.jar;C:\Users\loloc\.m2\repository\com\google\j2objc\j2objc-annotations\3.0.0\j2objc-annotations-3.0.0.jar;C:\Users\loloc\.m2\repository\com\google\errorprone\error_prone_annotations\2.28.0\error_prone_annotations-2.28.0.jar;C:\Users\loloc\.m2\repository\io\perfmark\perfmark-api\0.27.0\perfmark-api-0.27.0.jar;C:\Users\loloc\.m2\repository\io\grpc\grpc-api\1.66.0\grpc-api-1.66.0.jar;C:\Users\loloc\.m2\repository\com\fasterxml\jackson\core\jackson-databind\2.20.2\jackson-databind-2.20.2.jar;C:\Users\loloc\.m2\repository\com\fasterxml\jackson\core\jackson-annotations\2.20\jackson-annotations-2.20.jar;C:\Users\loloc\.m2\repository\com\fasterxml\jackson\core\jackson-core\2.20.2\jackson-core-2.20.2.jar;C:\Users\loloc\.m2\repository\com\fasterxml\jackson\datatype\jackson-datatype-jsr310\2.20.2\jackson-datatype-jsr310-2.20.2.jar;C:\Users\loloc\.m2\repository\org\slf4j\slf4j-api\2.0.17\slf4j-api-2.0.17.jar;C:\Users\loloc\.m2\repository\org\springframework\spring-core\7.0.5\spring-core-7.0.5.jar;C:\Users\loloc\.m2\repository\commons-logging\commons-logging\1.3.5\commons-logging-1.3.5.jar
Launcher Type: SUN_STANDARD

[Global flags]
     intx CICompilerCount                          = 4                                         {product} {ergonomic}
     uint ConcGCThreads                            = 3                                         {product} {ergonomic}
     uint G1ConcRefinementThreads                  = 10                                        {product} {ergonomic}
   size_t G1HeapRegionSize                         = 2097152                                   {product} {ergonomic}
   size_t InitialHeapSize                          = 264241152                                 {product} {ergonomic}
   size_t MarkStackSize                            = 4194304                                   {product} {ergonomic}
   size_t MaxHeapSize                              = 4219469824                                {product} {ergonomic}
   size_t MinHeapDeltaBytes                        = 2097152                                   {product} {ergonomic}
   size_t MinHeapSize                              = 8388608                                   {product} {ergonomic}
    uintx NonNMethodCodeHeapSize                   = 4096                                   {pd product} {ergonomic}
    uintx NonProfiledCodeHeapSize                  = 0                                      {pd product} {ergonomic}
     bool ProfileInterpreter                       = false                                  {pd product} {command line}
    uintx ProfiledCodeHeapSize                     = 0                                      {pd product} {ergonomic}
   size_t SoftMaxHeapSize                          = 4219469824                             {manageable} {ergonomic}
     intx TieredStopAtLevel                        = 1                                         {product} {command line}
     bool UseCompressedOops                        = true                           {product lp64_product} {ergonomic}
     bool UseG1GC                                  = true                                      {product} {ergonomic}
     bool UseLargePagesIndividualAllocation        = false                                  {pd product} {ergonomic}

Logging:
Log output configuration:
 #0: stdout all=warning uptime,level,tags foldmultilines=false
 #1: stderr all=off uptime,level,tags foldmultilines=false

Environment Variables:
PATH=C:\Program Files\Common Files\Oracle\Java\javapath;C:\Program Files (x86)\NVIDIA Corporation\PhysX\Common;C:\Program Files (x86)\Common Files\Oracle\Java\javapath;C:\Program Files\Microsoft\jdk-11.0.16.101-hotspot\bin;C:\WINDOWS\system32;C:\WINDOWS;C:\WINDOWS\System32\Wbem;C:\WINDOWS\System32\WindowsPowerShell\v1.0\;C:\WINDOWS\System32\OpenSSH\;C:\MinGW\bin;C:\Program Files\Git\cmd;C:\Program Files\TortoiseGit\bin;C:\Program Files (x86)\AOMEI\AOMEI Backupper\7.4.2;C:\Program Files\Docker\Docker\resources\bin;D:\3 курс\NODE\;C:\Program Files\dotnet\;D:\3 курс\;C:\Program Files\Apache\maven\apache-maven-3.9.15-bin\bin;C:\Users\loloc\AppData\Local\Programs\Python\Python310\Scripts\;C:\Users\loloc\AppData\Local\Programs\Python\Python310\;C:\Users\loloc\AppData\Local\Microsoft\WindowsApps;C:\msys64\mingw64\bin;;D:\CLion 2024.2.2\bin;;C:\Program Files\JetBrains\IntelliJ IDEA Community Edition 2024.1.4\bin;;C:\Users\loloc\AppData\Local\Programs\EmEditor;C:\Users\loloc\AppData\Local\Programs\Microsoft VS Code\bin;C:\Users\loloc\AppData\Roaming\npm;C:\Users\loloc\.dotnet\tools
USERNAME=loloc
OS=Windows_NT
PROCESSOR_IDENTIFIER=Intel64 Family 6 Model 154 Stepping 3, GenuineIntel
TMP=C:\Users\loloc\AppData\Local\Temp
TEMP=C:\Users\loloc\AppData\Local\Temp




Periodic native trim disabled

---------------  S Y S T E M  ---------------

OS:
 Windows 11 , 64 bit Build 26100 (10.0.26100.8328)
OS uptime: 16 days 2:31 hours
Hyper-V role detected

CPU: total 12 (initial active 12) (6 cores per cpu, 2 threads per core) family 6 model 154 stepping 3 microcode 0x423, cx8, cmov, fxsr, ht, mmx, 3dnowpref, sse, sse2, sse3, ssse3, sse4.1, sse4.2, popcnt, lzcnt, tsc, tscinvbit, avx, avx2, aes, erms, clmul, bmi1, bmi2, adx, sha, fma, vzeroupper, clflush, clflushopt, clwb, hv, serialize, rdtscp, rdpid, fsrm, f16c, cet_ibt, cet_ss
Processor Information for processor 0
  Max Mhz: 2000, Current Mhz: 2000, Mhz Limit: 2000
Processor Information for processor 1
  Max Mhz: 2000, Current Mhz: 1520, Mhz Limit: 2000
Processor Information for processor 2
  Max Mhz: 2000, Current Mhz: 2000, Mhz Limit: 2000
Processor Information for processor 3
  Max Mhz: 2000, Current Mhz: 2000, Mhz Limit: 2000
Processor Information for processor 4
  Max Mhz: 2000, Current Mhz: 2000, Mhz Limit: 2000
Processor Information for processor 5
  Max Mhz: 2000, Current Mhz: 1520, Mhz Limit: 2000
Processor Information for processor 6
  Max Mhz: 2000, Current Mhz: 1520, Mhz Limit: 2000
Processor Information for processor 7
  Max Mhz: 2000, Current Mhz: 2000, Mhz Limit: 2000
Processor Information for processor 8
  Max Mhz: 2000, Current Mhz: 2000, Mhz Limit: 2000
Processor Information for processor 9
  Max Mhz: 2000, Current Mhz: 1466, Mhz Limit: 2000
Processor Information for processor 10
  Max Mhz: 2000, Current Mhz: 1466, Mhz Limit: 2000
Processor Information for processor 11
  Max Mhz: 2000, Current Mhz: 1466, Mhz Limit: 2000

Memory: 4k page, system-wide physical 16092M (2161M free)
TotalPageFile size 18999M (AvailPageFile size 22M)
current process WorkingSet (physical memory assigned to process): 14M, peak: 14M
current process commit charge ("private bytes"): 60M, peak: 312M

vm_info: Java HotSpot(TM) 64-Bit Server VM (22.0.1+8-16) for windows-amd64 JRE (22.0.1+8-16), built on 2024-03-12T10:33:16Z by "mach5one" with MS VC++ 17.6 (VS2022)

END.
